{
  "operation": "apply",
  "origin": "www-deployment/www.service.yml",
  "deploymentRollouts": [],
  "descriptor": "apiVersion: v1\nkind: Service\nmetadata:\n  name: www-fromdir\n  annotations: \n    service.beta.kubernetes.io/aws-load-balancer-proxy-protocol: \"*\"\n  labels:\n    name: www\n    team: flip\nspec:\n  type: LoadBalancer\n  ports:\n  - port: 80\n    targetPort: 81\n    name: http-proxy-protocol\n  - port: 443\n    targetPort: 444\n    name: https-proxy-protocol\n  selector:\n    name: www-icelandair-com\n    tier: frontend\n---\napiVersion: v1\nkind: Service\nmetadata:\n  name: www-icelandair-com-part2\n  annotations:\n    service.beta.kubernetes.io/aws-load-balancer-proxy-protocol: \"*\"\n  labels:\n    name: www-com\n    team: flip\nspec:\n  type: LoadBalancer\n  ports:\n  - port: 80\n    targetPort: 81\n    name: http-proxy-protocol\n  - port: 443\n    targetPort: 444\n    name: https-proxy-protocol\n  selector:\n    name: www-icelandair-com\n    tier: frontend\n",
  "identifier": "Service_www-fromdir",
  "descriptorsByKind": {
    "Service": [
      {
        "apiVersion": "v1",
        "kind": "Service",
        "metadata": {
          "name": "www-fromdir",
          "annotations": {
            "service.beta.kubernetes.io/aws-load-balancer-proxy-protocol": "*"
          },
          "labels": {
            "name": "www",
            "team": "flip"
          }
        },
        "spec": {
          "type": "LoadBalancer",
          "ports": [
            {
              "port": 80,
              "targetPort": 81,
              "name": "http-proxy-protocol"
            },
            {
              "port": 443,
              "targetPort": 444,
              "name": "https-proxy-protocol"
            }
          ],
          "selector": {
            "name": "www-icelandair-com",
            "tier": "frontend"
          }
        }
      },
      {
        "apiVersion": "v1",
        "kind": "Service",
        "metadata": {
          "name": "www-icelandair-com-part2",
          "annotations": {
            "service.beta.kubernetes.io/aws-load-balancer-proxy-protocol": "*"
          },
          "labels": {
            "name": "www-com",
            "team": "flip"
          }
        },
        "spec": {
          "type": "LoadBalancer",
          "ports": [
            {
              "port": 80,
              "targetPort": 81,
              "name": "http-proxy-protocol"
            },
            {
              "port": 443,
              "targetPort": 444,
              "name": "https-proxy-protocol"
            }
          ],
          "selector": {
            "name": "www-icelandair-com",
            "tier": "frontend"
          }
        }
      }
    ]
  },
  "version": "immutable",
  "type": "k8s",
  "fileName": "www.service.yml",
  "herdKey": "kube-config - www-deployment/www.service.yml",
  "herdSpec": {
    "path": "./",
    "description": "Kubernetes pull secrets, namespaces, common config",
    "key": "kube-config"
  },
  "metadata": {
    "displayName": "www.service.yml",
    "semanticVersion": "0",
    "deploymentType": "k8s",
    "buildDate": "1970-01-01T00:00:00.000Z",
    "hyperlinks": []
  },
  "env": "integratedtestenv",
  "state": {
    "key": "integratedtestenv-Service_www-fromdir",
    "new": true,
    "modified": true,
    "operation": "apply",
    "version": "immutable",
    "signature": "5d7afb87d37c4816bbff6b9f6d09a941",
    "env": "integratedtestenv"
  }
}