{
  "operation": "delete",
  "identifier": "Namespace_monitors",
  "version": "immutable",
  "descriptor": "apiVersion: v1\nkind: Namespace\nmetadata:\n  name: monitors\n",
  "origin": "namespaces",
  "type": "k8s",
  "fileName": "monitors-namespace.yml",
  "herdKey": "kube-config - namespaces",
  "herdSpec": {
    "path": "./",
    "description": "Kubernetes pull secrets, namespaces, common config",
    "key": "kube-config"
  },
  "metadata": {
    "displayName": "monitors-namespace.yml",
    "semanticVersion": "0",
    "deploymentType": "k8s",
    "buildDate": "1970-01-01T00:00:00.000Z",
    "hyperlinks": []
  },
  "env": "integratedtestenv",
  "state": {
    "key": "integratedtestenv-Namespace_monitors",
    "new": true,
    "modified": true,
    "operation": "delete",
    "version": "immutable",
    "signature": "aa4a717937b24a42b95a467aad243478",
    "env": "integratedtestenv"
  }
}